# /.../
# Mapping table for console -> X11 mapping
#==================================================================================
# CONSOLE       | MODEL | LAYOUT       | VARIANT    | KEYCODE | LA| RA| SL| RC| OPT
#---------------|-------|--------------|------------|---------|---|---|---|---|----
ANSI-dvorak     : pc101 : us           : x          : xfree86 : x : x : x : x : x
de_CH-latin1    : pc102 : de_CH        : nodeadkeys : xfree86 : x : x : x : x : x
amiga-de        : pc105 : de           : nodeadkeys : xfree86 : x : x : x : x : x
amiga-us        : pc101 : us           : x          : xfree86 : x : x : x : x : x
atari-de        : pc105 : de           : nodeadkeys : xfree86 : x : x : x : x : x
atari-se        : pc101 : se           : x          : xfree86 : x : x : x : x : x
atari-uk-falcon : pc101 : gb           : x          : xfree86 : x : x : x : x : x
atari-us        : pc101 : us           : x          : xfree86 : x : x : x : x : x
azerty          : pc101 : us           : x          : xfree86 : x : x : x : x : x
be-latin1       : pc104 : be           : x          : xfree86 : x : x : x : x : x
be2-latin1      : pc104 : be           : x          : xfree86 : x : x : x : x : x
bg              : pc101 : bg           : x          : xfree86 : x : x : x : x : x
cf              : pc105 : fr_CA        : x          : xfree86 : x : x : x : x : x
croat           : pc101 : us           : x          : xfree86 : x : x : x : x : x
cz-lat2-prog    : pc104 : cz,us        : x          : xfree86 : x : x : x : x : grp:shift_toggle
cz-lat2         : pc104 : cz_qwerty,us : x          : xfree86 : x : x : x : x : grp:shift_toggle
cz-us-qwertz    : pc104 : cz,us        : x          : xfree86 : x : x : x : x : grp:shift_toggle
de-lat1-nd      : pc105 : de           : nodeadkeys : xfree86 : x : x : x : x : x
de-latin1-en    : pc105 : de           : x          : xfree86 : x : x : x : x : x
de-latin1       : pc105 : de           : x          : xfree86 : x : x : x : x : x
de              : pc105 : de           : nodeadkeys : xfree86 : x : x : x : x : x
defkeymap       : pc104 : us           : x          : xfree86 : x : x : x : x : x
defkeymap_V1.0  : pc104 : us           : x          : xfree86 : x : x : x : x : x
dk-latin1       : pc104 : dk           : x          : xfree86 : x : x : x : x : x
dk              : pc101 : dk           : x          : xfree86 : x : x : x : x : x
dvorak-l        : pc104 : dvorak,us    : x          : xfree86 : x : x : x : x : x
dvorak-r        : pc104 : dvorak,us    : x          : xfree86 : x : x : x : x : x
dvorak          : pc104 : dvorak,us    : x          : xfree86 : x : x : x : x : x
emacs           : pc102 : us           : x          : xfree86 : x : x : x : x : x
emacs2          : pc102 : us           : x          : xfree86 : x : x : x : x : x
es              : pc102 : es           : x          : xfree86 : x : x : x : x : x
fi-latin1       : pc102 : fi           : x          : xfree86 : x : x : x : x : x
fi              : pc102 : fi           : x          : xfree86 : x : x : x : x : x
fr-latin1       : pc102 : fr           : x          : xfree86 : x : x : x : x : x
fr-pc           : pc102 : fr           : x          : xfree86 : x : x : x : x : x
fr              : pc102 : fr           : x          : xfree86 : x : x : x : x : x
fr_CH-latin1    : pc102 : fr_CH        : x          : xfree86 : x : x : x : x : x
fr_CH           : pc102 : fr_CH        : x          : xfree86 : x : x : x : x : x
gr-pc           : pc105 : us,el        : ,winkeys   : xfree86 : x : x : x : x : grp:alt_shift_toggle,grp_led:scroll
gr              : pc105 : us,el        : ,winkeys   : xfree86 : x : x : x : x : grp:alt_shift_toggle,grp_led:scroll
hebrew          : pc102 : he           : x          : xfree86 : x : x : x : x : x
hu              : pc102 : hu           : x          : xfree86 : x : x : x : x : x
hu101           : pc101 : hu           : x          : xfree86 : x : x : x : x : x
is-latin1       : pc105 : is           : x          : xfree86 : x : ModeShift : Compose : x : x
it-ibm          : pc104 : it           : x          : xfree86 : x : x : x : x : x
it              : pc102 : it           : x          : xfree86 : x : x : x : x : x
it2             : pc102 : it           : x          : xfree86 : x : x : x : x : x
jp106           : jp106 : jp           : x          : xfree86 : x : x : x : x : x
la-latin1       : pc102 : es           : x          : xfree86 : x : x : x : x : x
es-cp850        : pc102 : es           : x          : xfree86 : x : x : x : x : x
lt.l4           : pc104 : us           : x          : xfree86 : x : x : x : x : x
lt              : pc104 : us           : x          : xfree86 : x : x : x : x : x
mac-Pl02        : macintosh : us       : x          : xfree86 : x : x : x : x : x
mac-be          : macintosh : be       : x          : xfree86 : x : x : x : x : x
mac-br-abnt2    : macintosh : br       : x          : xfree86 : x : x : x : x : x
mac-cz-us-qwertz: macintosh : us       : x          : xfree86 : x : x : x : x : x
mac-de-latin1   : macintosh : de       : x          : xfree86 : x : x : x : x : x
mac-de_CH       : macintosh : de_CH    : nodeadkeys : xfree86 : x : x : x : x : x
mac-dk-latin1   : macintosh : dk       : x          : xfree86 : x : x : x : x : x
mac-es          : macintosh : es       : x          : xfree86 : x : x : x : x : x
mac-fi-latin1   : macintosh : fi       : x          : xfree86 : x : x : x : x : x
mac-fr          : macintosh : fr       : x          : xfree86 : x : x : x : x : x
mac-fr-latin1   : macintosh : fr       : x          : xfree86 : x : x : x : x : x
mac-fr2-ext     : macintosh : fr       : x          : xfree86 : x : x : x : x : x
mac-fr3-ext     : macintosh : fr       : x          : xfree86 : x : x : x : x : x
mac-fr_CH-latin1: macintosh : fr_CH    : x          : xfree86 : x : x : x : x : x
mac-gr          : macintosh : us       : x          : xfree86 : x : x : x : x : x
mac-hu          : macintosh : us       : x          : xfree86 : x : x : x : x : x
mac-it          : macintosh : it       : x          : xfree86 : x : x : x : x : x
mac-jp106       : macintosh : jp       : x          : xfree86 : x : x : x : x : x
mac-no-latin1   : macintosh : no       : x          : xfree86 : x : x : x : x : x
mac-pt-latin1   : macintosh : pt       : nodeadkeys : xfree86 : x : x : x : x : x
mac-ru1         : macintosh : us       : x          : xfree86 : x : x : x : x : x
mac-se          : macintosh : se       : x          : xfree86 : x : x : x : x : x
mac-uk          : macintosh : gb       : x          : xfree86 : x : x : x : x : x
mac-us          : macintosh : us       : x          : xfree86 : x : x : x : x : x
mac-us-ext      : macintosh : us       : x          : xfree86 : x : x : x : x : x
mac-us-std      : macintosh : us       : x          : xfree86 : x : x : x : x : x
mac-mac-template: macintosh : us       : x          : xfree86 : x : x : x : x : x
no-latin1       : pc104 : no           : x          : xfree86 : x : x : x : x : x
no              : pc104 : no           : x          : xfree86 : x : x : x : x : x
pc110           : pc110 : us           : x          : xfree86 : x : x : x : x : x
pl              : pc104 : pl           : x          : xfree86 : x : x : x : x : x
Pl02            : pc104 : pl           : x          : xfree86 : x : x : x : x : x
pt              : pc102 : pt           : nodeadkeys : xfree86 : x : x : x : x : x
pt2             : pc102 : pt           : nodeadkeys : xfree86 : x : x : x : x : x
pt-latin9       : pc102 : pt           : nodeadkeys : xfree86 : x : x : x : x : x
pt-latin1       : pc102 : pt           : nodeadkeys : xfree86 : x : x : x : x : x
ru-cp1251       : pc105 : us,ru        : ,winkeys   : xfree86 : x : x : x : x : grp:ctrl_shift_toggle,grp_led:scroll
ru              : pc105 : us,ru        : ,winkeys   : xfree86 : x : x : x : x : grp:ctrl_shift_toggle,grp_led:scroll
ru1             : pc105 : us,ru        : ,winkeys   : xfree86 : x : x : x : x : grp:ctrl_shift_toggle,grp_led:scroll
ru2             : pc105 : us,ru        : ,winkeys   : xfree86 : x : x : x : x : grp:ctrl_shift_toggle,grp_led:scroll
ru_win          : pc105 : us,ru        : ,winkeys   : xfree86 : x : x : x : x : grp:ctrl_shift_toggle,grp_led:scroll
russian         : pc105 : us,ru        : ,winkeys   : xfree86 : x : x : x : x : grp:ctrl_shift_toggle,grp_led:scroll
sv-latin1       : pc105 : se           : x          : xfree86 : x : x : x : x : x
se-latin1       : pc105 : se           : x          : xfree86 : x : x : x : x : x
sg-l1-lk450     : pc102 : de_CH        : x          : xfree86 : x : x : x : x : x
sg-latin1-lk450 : pc104 : de_CH        : x          : xfree86 : x : x : x : x : x
sg-latin1       : pc104 : de_CH        : x          : xfree86 : x : x : x : x : x
sg              : pc104 : de_CH        : x          : xfree86 : x : x : x : x : x
sk-prog-qwerty  : pc104 : sk_qwerty,us : x          : xfree86 : x : x : x : x : grp:shift_toggle
sk-qwerty       : pc104 : sk_qwerty,us : x          : xfree86 : x : x : x : x : grp:shift_toggle
sk-qwertz       : pc104 : sk,us        : x          : xfree86 : x : x : x : x : grp:shift_toggle
slovene         : pc105 : sl_SI        : x          : xfree86 : x : x : x : x : x
sunkeymap       : type5 : us           : x          : xfree86 : x : x : x : x : x
sunt4-es        : type4 : es           : x          : xfree86 : x : x : x : x : x
sunt5-de-latin1 : type5_euro : de      : nodeadkeys : xfree86 : x : x : x : x : x
sunt5-es        : type5 : es           : x          : xfree86 : x : x : x : x : x
sunt5-fi-latin1 : type5 : fi           : x          : xfree86 : x : x : x : x : x
sunt5-fr-latin1 : type5 : fr           : x          : xfree86 : x : x : x : x : x
sunt5-ru        : type5 : ru           : x          : xfree86 : x : x : x : x : x
tr_f-latin5     : pc102 : tr           : x          : xfree86 : x : x : x : x : caps:shift
tr_q-latin5     : pc102 : tr           : x          : xfree86 : x : x : x : x : caps:shift
tralt           : pc102 : tr           : x          : xfree86 : x : x : x : x : caps:shift
trf             : pc102 : tr           : x          : xfree86 : x : x : x : x : caps:shift
trq             : pc101 : tr           : x          : xfree86 : x : x : x : x : caps:shift
uk              : pc105 : gb           : x          : xfree86 : x : x : x : x : x
us              : pc104 : us           : x          : xfree86 : x : x : x : x : x
wangbe          : pc101 : us           : x          : xfree86 : x : x : x : x : x
br-abnt-alt     : abnt2 : br           : x          : xfree86 : x : x : x : x : x
br-abnt         : abnt2 : br           : x          : xfree86 : x : x : x : x : x
br-abnt2        : abnt2 : br           : x          : xfree86 : x : x : x : x : x
br-latin1-abnt2 : abnt2 : br           : x          : xfree86 : x : x : x : x : x
br-latin1-us    : abnt2 : br           : x          : xfree86 : x : x : x : x : x
us-acentos      : pc105 : us_intl      : x          : xfree86 : x : x : x : x : x
et              : pc105 : ee           : x          : xfree86 : x : x : x : x : x
et-nodeadkeys   : pc105 : ee           : nodeadkeys : xfree86 : x : x : x : x : x
default         : pc101 : us           : x          : xfree86 : x : x : x : x : x
de-latin1-nodeadkeys : pc105 : de      : nodeadkeys : xfree86 : x : x : x : x : x
mac-de-latin1-nodeadkeys:macintosh: de : nodeadkeys : xfree86 : x : x : x : x : x
nl              : pc105 : nl           : x          : xfree86 : x : x : x : x : x
nl2             : pc105 : nl           : x          : xfree86 : x : x : x : x : x

